â–¿ 15 elements
  - <UICTFont> font-family: ".SFUI-Semibold"; font-weight: bold; font-style: normal; font-size: 8.00pt
  - <UICTFont> font-family: ".SFUI-Semibold"; font-weight: bold; font-style: normal; font-size: 10.00pt
  - <UICTFont> font-family: ".SFUI-Semibold"; font-weight: bold; font-style: normal; font-size: 12.00pt
  - <UICTFont> font-family: ".SFUI-Semibold"; font-weight: bold; font-style: normal; font-size: 20.00pt
  - <UICTFont> font-family: ".SFUI-Semibold"; font-weight: bold; font-style: normal; font-size: 30.00pt
  - <UICTFont> font-family: ".SFUI-RegularItalic"; font-weight: normal; font-style: italic; font-size: 8.00pt
  - <UICTFont> font-family: ".SFUI-RegularItalic"; font-weight: normal; font-style: italic; font-size: 10.00pt
  - <UICTFont> font-family: ".SFUI-RegularItalic"; font-weight: normal; font-style: italic; font-size: 12.00pt
  - <UICTFont> font-family: ".SFUI-RegularItalic"; font-weight: normal; font-style: italic; font-size: 20.00pt
  - <UICTFont> font-family: ".SFUI-RegularItalic"; font-weight: normal; font-style: italic; font-size: 30.00pt
  - <UICTFont> font-family: ".SFUI-Regular"; font-weight: normal; font-style: normal; font-size: 8.00pt
  - <UICTFont> font-family: ".SFUI-Regular"; font-weight: normal; font-style: normal; font-size: 10.00pt
  - <UICTFont> font-family: ".SFUI-Regular"; font-weight: normal; font-style: normal; font-size: 12.00pt
  - <UICTFont> font-family: ".SFUI-Regular"; font-weight: normal; font-style: normal; font-size: 20.00pt
  - <UICTFont> font-family: ".SFUI-Regular"; font-weight: normal; font-style: normal; font-size: 30.00pt
